Port 5215 is in use, trying another one...

  [32m[1mVITE[22m v5.4.21[39m  [2mready in [0m[1m474[22m[2m[0m ms[22m

  [32m➜[39m  [1mLocal[22m:   [36mhttp://localhost:[1m5216[22m/[39m
[2m  [32m➜[39m  [1mNetwork[22m[2m: use [22m[1m--host[22m[2m to expose[22m
[2m3:43:28 AM[22m [36m[1m[vite][22m[39m [32mhmr update [39m[2m/src/components/Hero/Hero.jsx[22m
[2m3:44:20 AM[22m [36m[1m[vite][22m[39m [32mhmr update [39m[2m/src/components/Hero/Hero.jsx[22m
[2m4:07:51 AM[22m [36m[1m[vite][22m[39m [32mhmr update [39m[2m/src/components/Hero/Hero.css[22m
[2m4:07:59 AM[22m [36m[1m[vite][22m[39m [32mhmr update [39m[2m/src/components/Hero/Hero.css[22m
[2m4:09:25 AM[22m [36m[1m[vite][22m[39m [32mhmr update [39m[2m/src/components/Hero/Hero.css[22m
[2m4:09:41 AM[22m [36m[1m[vite][22m[39m [32mhmr update [39m[2m/src/components/Hero/Hero.css[22m
[2m4:09:42 AM[22m [36m[1m[vite][22m[39m [32mhmr update [39m[2m/src/components/Hero/Hero.css[22m
[2m4:12:17 AM[22m [36m[1m[vite][22m[39m [32mhmr update [39m[2m/src/components/Hero/Hero.css[22m
[2m4:12:27 AM[22m [36m[1m[vite][22m[39m [32mhmr update [39m[2m/src/components/Hero/Hero.css[22m
[2m4:12:38 AM[22m [36m[1m[vite][22m[39m [32mhmr update [39m[2m/src/components/Hero/Hero.css[22m
[2m4:12:50 AM[22m [36m[1m[vite][22m[39m [32mhmr update [39m[2m/src/components/Hero/Hero.css[22m
[2m4:13:35 AM[22m [36m[1m[vite][22m[39m [32mhmr update [39m[2m/src/components/Hero/Hero.css[22m
[2m4:13:46 AM[22m [36m[1m[vite][22m[39m [32mhmr update [39m[2m/src/components/Hero/Hero.css[22m
[2m4:13:56 AM[22m [36m[1m[vite][22m[39m [32mhmr update [39m[2m/src/components/Hero/Hero.css[22m
[2m4:14:07 AM[22m [36m[1m[vite][22m[39m [32mhmr update [39m[2m/src/components/Hero/Hero.css[22m
[2m4:14:44 AM[22m [36m[1m[vite][22m[39m [32mhmr update [39m[2m/src/components/Hero/Hero.css[22m
[2m4:14:52 AM[22m [36m[1m[vite][22m[39m [32mhmr update [39m[2m/src/components/Hero/Hero.css[22m
[2m4:15:12 AM[22m [36m[1m[vite][22m[39m [32mhmr update [39m[2m/src/components/Hero/Hero.css[22m
[2m4:16:14 AM[22m [36m[1m[vite][22m[39m [32mhmr update [39m[2m/src/components/Hero/Hero.css[22m
[2m4:16:32 AM[22m [36m[1m[vite][22m[39m [32mhmr update [39m[2m/src/components/Hero/Hero.css[22m
[2m4:16:52 AM[22m [36m[1m[vite][22m[39m [32mhmr update [39m[2m/src/components/Hero/Hero.css[22m
[2m4:17:10 AM[22m [36m[1m[vite][22m[39m [32mhmr update [39m[2m/src/components/Hero/Hero.css[22m
[2m4:18:04 AM[22m [36m[1m[vite][22m[39m [32mhmr update [39m[2m/src/components/Hero/Hero.css[22m
[2m4:18:19 AM[22m [36m[1m[vite][22m[39m [32mhmr update [39m[2m/src/components/Hero/Hero.css[22m
[2m4:19:14 AM[22m [36m[1m[vite][22m[39m [32mhmr update [39m[2m/src/components/Hero/Hero.css[22m
[2m4:21:32 AM[22m [36m[1m[vite][22m[39m [32mhmr update [39m[2m/src/components/Hero/Hero.css[22m
[2m4:21:42 AM[22m [36m[1m[vite][22m[39m [32mhmr update [39m[2m/src/components/Hero/Hero.css[22m
[2m4:21:48 AM[22m [36m[1m[vite][22m[39m [32mhmr update [39m[2m/src/components/Hero/Hero.css[22m
[2m4:22:18 AM[22m [36m[1m[vite][22m[39m [32mhmr update [39m[2m/src/components/Hero/Hero.css[22m
[2m4:22:27 AM[22m [36m[1m[vite][22m[39m [32mhmr update [39m[2m/src/components/Hero/Hero.css[22m
[2m4:25:24 AM[22m [36m[1m[vite][22m[39m [32mhmr update [39m[2m/src/components/Hero/Hero.jsx[22m
[2m4:25:36 AM[22m [36m[1m[vite][22m[39m [32mhmr update [39m[2m/src/components/Hero/Hero.jsx[22m
[2m4:25:48 AM[22m [36m[1m[vite][22m[39m [32mhmr update [39m[2m/src/components/Hero/Hero.jsx[22m
[2m4:26:14 AM[22m [36m[1m[vite][22m[39m [32mhmr update [39m[2m/src/components/Hero/Hero.jsx[22m
[2m4:26:24 AM[22m [36m[1m[vite][22m[39m [32mhmr update [39m[2m/src/components/Hero/Hero.jsx[22m
[2m4:30:32 AM[22m [36m[1m[vite][22m[39m [32mhmr update [39m[2m/src/components/Hero/Hero.jsx[22m
[2m4:30:44 AM[22m [36m[1m[vite][22m[39m [32mhmr update [39m[2m/src/components/Hero/Hero.jsx[22m
[2m4:31:08 AM[22m [36m[1m[vite][22m[39m [32mhmr update [39m[2m/src/components/Hero/Hero.jsx[22m
[2m4:31:49 AM[22m [36m[1m[vite][22m[39m [32mhmr update [39m[2m/src/components/Hero/Hero.jsx[22m
[2m4:32:02 AM[22m [36m[1m[vite][22m[39m [32mhmr update [39m[2m/src/components/Hero/Hero.jsx[22m
[2m4:32:19 AM[22m [36m[1m[vite][22m[39m [32mhmr update [39m[2m/src/components/Hero/Hero.jsx[22m
[2m4:32:56 AM[22m [36m[1m[vite][22m[39m [32mhmr update [39m[2m/src/components/Hero/Hero.jsx[22m
[2m4:33:18 AM[22m [36m[1m[vite][22m[39m [32mhmr update [39m[2m/src/components/Hero/Hero.jsx[22m
[2m4:34:08 AM[22m [36m[1m[vite][22m[39m [32mhmr update [39m[2m/src/components/Hero/Hero.jsx[22m
[2m4:35:32 AM[22m [36m[1m[vite][22m[39m [32mhmr update [39m[2m/src/components/Hero/Hero.jsx[22m
[2m4:36:28 AM[22m [36m[1m[vite][22m[39m [32mhmr update [39m[2m/src/components/Hero/Hero.jsx[22m
[2m4:38:29 AM[22m [36m[1m[vite][22m[39m [32mhmr update [39m[2m/src/components/Hero/Hero.jsx[22m
[2m4:38:34 AM[22m [36m[1m[vite][22m[39m [32mhmr update [39m[2m/src/components/Hero/Hero.jsx[22m
[2m4:39:27 AM[22m [36m[1m[vite][22m[39m [32mhmr update [39m[2m/src/components/Hero/Hero.jsx[22m
[2m4:39:32 AM[22m [36m[1m[vite][22m[39m [32mhmr update [39m[2m/src/components/Hero/Hero.jsx[22m
